// Jest Snapshot v1, https://goo.gl/fbAQLP

exports[`renders the secret datum (hidden by default) 1`] = `
<SecretItemDatum
  name="foo"
  value="YmFy"
>
  <Row
    list={false}
  >
    <div
      className="clr-row"
    >
      <Column
        listItem={false}
        span={5}
      >
        <div
          className="clr-col-5"
        >
          <label
            className="secret-datum-text"
            htmlFor="secret-datum-content-foo"
          >
            foo
          </label>
        </div>
      </Column>
      <Column
        listItem={false}
        span={5}
      >
        <div
          className="clr-col-5"
        >
          <input
            className="clr-input secret-datum-content"
            id="secret-datum-content-foo"
            readOnly={true}
            type="password"
            value="bar"
          />
        </div>
      </Column>
      <Column
        listItem={false}
        span={1}
      >
        <div
          className="clr-col-1"
        >
          <button
            aria-controls="secret-item-datum-foo-ref"
            aria-expanded={false}
            aria-label="Show Secret"
            className="secret-datum-icon"
            onClick={[Function]}
          >
            <ReactWrapperComponent
              shape="eye"
              size="md"
              solid={true}
            >
              <cds-icon />
            </ReactWrapperComponent>
          </button>
        </div>
      </Column>
      <Column
        listItem={false}
        span={1}
      >
        <div
          className="clr-col-1"
        >
          <button
            aria-expanded={false}
            className="secret-datum-icon"
            onClick={[Function]}
          >
            <div
              data-for="app-status"
              data-tip={true}
            >
              <CopyToClipboard
                text="bar"
              >
                <ReactWrapperComponent
                  aria-label="Copy foo secret value to the clipboard"
                  onClick={[Function]}
                  shape="copy-to-clipboard"
                  size="md"
                  solid={true}
                >
                  <cds-icon />
                </ReactWrapperComponent>
              </CopyToClipboard>
            </div>
          </button>
          <div
            style={
              Object {
                "opacity": "0",
              }
            }
          >
            <ReactTooltip
              clickable={false}
              effect="solid"
              id="app-status"
              insecure={true}
              resizeHide={true}
              wrapper="div"
            >
              <div
                className="__react_component_tooltip place-top type-dark "
                data-id="tooltip"
                id="app-status"
              >
                Copied
              </div>
            </ReactTooltip>
          </div>
        </div>
      </Column>
    </div>
  </Row>
</SecretItemDatum>
`;
