// Jest Snapshot v1, https://goo.gl/fbAQLP

exports[`renders a ResourceItem 1`] = `
<Fragment>
  <h6 />
  <table>
    <thead>
      <tr
        className="flex"
      >
        <DeploymentColumns />
      </tr>
    </thead>
    <tbody>
      <Connect(WorkloadItem)
        key="api/clusters/cluster-name/api/v1/namespaces/default/deployments/foo"
        resourceRef={
          ResourceRef {
            "apiVersion": undefined,
            "cluster": "cluster-name",
            "filter": undefined,
            "kind": "Deployment",
            "name": "foo",
            "namespace": "default",
          }
        }
      />
    </tbody>
  </table>
</Fragment>
`;
