// Jest Snapshot v1, https://goo.gl/fbAQLP

exports[`renders a ConfigMap as a resource 1`] = `
<Fragment>
  <td
    className="col-6"
  >
    foo
  </td>
  <td
    className="col-6"
  >
    ConfigMap
  </td>
</Fragment>
`;

exports[`renders a ConfigMap as a resourceref 1`] = `
<Fragment>
  <td
    className="col-6"
  >
    foo
  </td>
  <td
    className="col-6"
  >
    ConfigMap
  </td>
</Fragment>
`;
