// Jest Snapshot v1, https://goo.gl/fbAQLP

exports[`renders an error message for the action 1`] = `
<UnexpectedErrorPage
  icon={[Function]}
  showGenericMessage={false}
  title={
    <span>
      You don't have sufficient permissions to 
      unit-test
       
      <React.Fragment>
        in 
        <span>
          the 
          <code>
            test
          </code>
           namespace
        </span>
      </React.Fragment>
    </span>
  }
>
  <div>
    <p>
      The following error was returned:
    </p>
    <div
      className="error__content"
    >
      <section
        className="Terminal terminal__error elevation-1 type-color-white error__text"
      />
    </div>
    <p>
      See the documentation for more info on
       
      <a
        href="https://github.com/kubeapps/kubeapps/blob/master/docs/user/access-control.md"
        rel="noopener noreferrer"
        target="_blank"
      >
        access control in Kubeapps
      </a>
      .
    </p>
  </div>
</UnexpectedErrorPage>
`;
