// Jest Snapshot v1, https://goo.gl/fbAQLP

exports[`loading spinner matches the snapshot 1`] = `
<LoadingWrapper
  loaded={false}
/>
`;

exports[`renders the repo selection form if not introduced 1`] = `
<SelectRepoForm
  chartName="bar"
  checkChart={[MockFunction]}
  cluster="default"
  fetchRepositories={[MockFunction]}
  isFetching={false}
  namespace="default"
  repo={Object {}}
  repos={
    Array [
      Object {
        "metadata": Object {
          "name": "stable",
        },
      },
    ]
  }
/>
`;
