// Jest Snapshot v1, https://goo.gl/fbAQLP

exports[`loading spinner matches the snapshot 1`] = `
<LoadingWrapper
  loaded={false}
  type={0}
/>
`;
